// Jest Snapshot v1, https://goo.gl/fbAQLP

exports[`Footer component is unchanged. 1`] = `
<footer>
   - 
</footer>
`;
