// Jest Snapshot v1, https://goo.gl/fbAQLP

exports[`Layout component is unchanged. 1`] = `<div />`;
