// Jest Snapshot v1, https://goo.gl/fbAQLP

exports[`CandleChartComponent isn't changed when empty 1`] = `
<div
  id="candle_div"
/>
`;

exports[`CandleChartComponent isn't changed when not empty 1`] = `
<div
  id="candle_div"
/>
`;
