// Jest Snapshot v1, https://goo.gl/fbAQLP

exports[`Layout component is unchanged. 1`] = `
<div>
  <div>
    <NavLink
      activeClassName="active"
      aria-current="page"
      to="/"
    >
      Home
    </NavLink>
     |Â 
    <NavLink
      activeClassName="active"
      aria-current="page"
      to="/candle"
    >
      CandleChart
    </NavLink>
  </div>
</div>
`;
