// Jest Snapshot v1, https://goo.gl/fbAQLP

exports[`Home component should match snapshot 1`] = `
<div>
  <h1>
    Hello, world!
  </h1>
</div>
`;
