// Jest Snapshot v1, https://goo.gl/fbAQLP

exports[`Layout component should match snapshot 1`] = `
<div
  className="container-fluid"
>
  <div
    className="row"
  >
    <div
      className="col-sm-1"
    >
      <NavMenu />
    </div>
    <div
      className="col-sm-11"
    />
  </div>
</div>
`;
